============================= test session starts ==============================
platform darwin -- Python 3.14.6, pytest-9.1.1, pluggy-1.6.0 -- /Users/lavanya/Documents/Career/Djangoapp/venv/bin/python3.14
cachedir: .pytest_cache
django: version: 6.0.6, settings: warehouse.settings_test (from ini)
rootdir: /Users/lavanya/Documents/Career/Djangoapp/warehouse
configfile: pytest.ini
plugins: cov-7.1.0, django-4.12.0, Faker-40.23.0
collecting ... collected 60 items

tests/test_models.py::TestUserModel::test_staff_user_is_not_manager PASSED [  1%]
tests/test_models.py::TestUserModel::test_manager_user_is_manager PASSED [  3%]
tests/test_models.py::TestUserModel::test_str_representation PASSED      [  5%]
tests/test_models.py::TestProductModel::test_volume_calculated_correctly PASSED [  6%]
tests/test_models.py::TestProductModel::test_str_includes_sku PASSED     [  8%]
tests/test_models.py::TestBoxModel::test_volume_calculated_correctly PASSED [ 10%]
tests/test_models.py::TestBoxModel::test_cost_display_format PASSED      [ 11%]
tests/test_models.py::TestBoxModel::test_cost_display_zero_rupees PASSED [ 13%]
tests/test_models.py::TestOrderModel::test_order_transitions_from_pending PASSED [ 15%]
tests/test_models.py::TestOrderModel::test_order_transitions_from_dispatched PASSED [ 16%]
tests/test_models.py::TestOrderModel::test_delivered_has_no_transitions PASSED [ 18%]
tests/test_models.py::TestOrderModel::test_cancelled_has_no_transitions PASSED [ 20%]
tests/test_models.py::TestOrderModel::test_item_count PASSED             [ 21%]
tests/test_models.py::TestOrderModel::test_total_weight_kg PASSED        [ 23%]
tests/test_models.py::TestOrderModel::test_status_badge_class_exists_for_all_statuses PASSED [ 25%]
tests/test_models.py::TestOrderItemModel::test_total_weight PASSED       [ 26%]
tests/test_models.py::TestOrderItemModel::test_str_representation PASSED [ 28%]
tests/test_views.py::TestAuthRequirement::test_dashboard_requires_login PASSED [ 30%]
tests/test_views.py::TestAuthRequirement::test_order_list_requires_login PASSED [ 31%]
tests/test_views.py::TestAuthRequirement::test_product_list_requires_login PASSED [ 33%]
tests/test_views.py::TestAuthRequirement::test_box_list_requires_login PASSED [ 35%]
tests/test_views.py::TestDashboard::test_staff_can_view_dashboard PASSED [ 36%]
tests/test_views.py::TestDashboard::test_dashboard_shows_order_columns PASSED [ 38%]
tests/test_views.py::TestOrderViews::test_order_list_accessible_to_staff PASSED [ 40%]
tests/test_views.py::TestOrderViews::test_order_list_shows_orders PASSED [ 41%]
tests/test_views.py::TestOrderViews::test_order_detail_accessible PASSED [ 43%]
tests/test_views.py::TestOrderViews::test_order_detail_shows_order_number PASSED [ 45%]
tests/test_views.py::TestOrderViews::test_order_status_filter PASSED     [ 46%]
tests/test_views.py::TestOrderViews::test_valid_status_transition PASSED [ 48%]
tests/test_views.py::TestOrderViews::test_invalid_status_transition_rejected PASSED [ 50%]
tests/test_views.py::TestOrderViews::test_re_recommend_updates_box PASSED [ 51%]
tests/test_views.py::TestProductViews::test_product_list_accessible_to_staff PASSED [ 53%]
tests/test_views.py::TestProductViews::test_staff_cannot_create_product PASSED [ 55%]
tests/test_views.py::TestProductViews::test_manager_can_create_product PASSED [ 56%]
tests/test_views.py::TestProductViews::test_manager_can_post_new_product PASSED [ 58%]
tests/test_views.py::TestBoxViews::test_box_list_accessible_to_staff PASSED [ 60%]
tests/test_views.py::TestBoxViews::test_staff_cannot_create_box PASSED   [ 61%]
tests/test_views.py::TestBoxViews::test_manager_can_create_box PASSED    [ 63%]
tests/test_views.py::TestBoxViews::test_box_list_shows_boxes PASSED      [ 65%]
tests/test_recommender.py::TestComputeBoundingBox::test_single_item_single_unit PASSED [ 66%]
tests/test_recommender.py::TestComputeBoundingBox::test_single_item_multiple_units_stacks_height PASSED [ 68%]
tests/test_recommender.py::TestComputeBoundingBox::test_two_different_items PASSED [ 70%]
tests/test_recommender.py::TestComputeBoundingBox::test_empty_items_returns_zero_bounding_box PASSED [ 71%]
tests/test_recommender.py::TestComputeBoundingBox::test_weight_accumulates_with_quantity PASSED [ 73%]
tests/test_recommender.py::TestComputeBoundingBox::test_non_cubic_item_uses_smallest_as_height PASSED [ 75%]
tests/test_recommender.py::TestBoundingBoxFitsIn::test_fits_exactly PASSED [ 76%]
tests/test_recommender.py::TestBoundingBoxFitsIn::test_fits_smaller PASSED [ 78%]
tests/test_recommender.py::TestBoundingBoxFitsIn::test_does_not_fit_one_dim_too_large PASSED [ 80%]
tests/test_recommender.py::TestBoundingBoxFitsIn::test_fits_rotated PASSED [ 81%]
tests/test_recommender.py::TestBoundingBoxFitsIn::test_weight_check PASSED [ 83%]
tests/test_recommender.py::TestBoundingBoxFitsIn::test_weight_exactly_at_limit PASSED [ 85%]
tests/test_recommender.py::TestRecommendBox::test_recommends_cheapest_fitting_box PASSED [ 86%]
tests/test_recommender.py::TestRecommendBox::test_no_fit_returns_failure PASSED [ 88%]
tests/test_recommender.py::TestRecommendBox::test_weight_too_heavy_returns_failure PASSED [ 90%]
tests/test_recommender.py::TestRecommendBox::test_empty_items_returns_failure PASSED [ 91%]
tests/test_recommender.py::TestRecommendBox::test_no_boxes_returns_failure PASSED [ 93%]
tests/test_recommender.py::TestRecommendBox::test_inactive_box_is_skipped PASSED [ 95%]
tests/test_recommender.py::TestRecommendBox::test_returns_all_candidates PASSED [ 96%]
tests/test_recommender.py::TestRecommendBox::test_multiple_items_combined PASSED [ 98%]
tests/test_recommender.py::TestRecommendBox::test_result_reason_included PASSED [100%]
WARNING: Failed to generate report: No data to report.



=============================== warnings summary ===============================
tests/test_models.py: 17 warnings
tests/test_views.py: 23 warnings
  /Users/lavanya/Documents/Career/Djangoapp/venv/lib/python3.14/site-packages/factory/django.py:182: DeprecationWarning: UserFactory._after_postgeneration will stop saving the instance after postgeneration hooks in the next major release.
  If the save call is extraneous, set skip_postgeneration_save=True in the UserFactory.Meta.
  To keep saving the instance, move the save call to your postgeneration hooks or override _after_postgeneration.
    warnings.warn(

tests/test_models.py::TestUserModel::test_manager_user_is_manager
tests/test_views.py::TestProductViews::test_manager_can_create_product
tests/test_views.py::TestProductViews::test_manager_can_post_new_product
tests/test_views.py::TestBoxViews::test_manager_can_create_box
  /Users/lavanya/Documents/Career/Djangoapp/venv/lib/python3.14/site-packages/factory/django.py:182: DeprecationWarning: ManagerFactory._after_postgeneration will stop saving the instance after postgeneration hooks in the next major release.
  If the save call is extraneous, set skip_postgeneration_save=True in the ManagerFactory.Meta.
  To keep saving the instance, move the save call to your postgeneration hooks or override _after_postgeneration.
    warnings.warn(

-- Docs: https://docs.pytest.org/en/stable/how-to/capture-warnings.html
======================= 60 passed, 44 warnings in 0.60s ========================
